no change
no change
no change
no change
no change
no change
no change
Error: No such object: userdb-instance
Error: No such object: tokendb-instance
Error: No such object: userdb-instance
Error: No such object: tokendb-instance
Error: No such object: userdb-instance
Error: No such object: tokendb-instance
1/u create_activation_tokens_table (36.158127ms)
